API Credentials not found in .env. Starting Mock Mode...

==================================================
   DEMO / MOCK MODE ACTIVATED
   (Running without API keys for demonstration)
==================================================

[Crypto Signals] New Message (MOCKED): Jual Akun Google Cloud...
[Exporter] Saved item: Jual Akun Google Cloud
[Marketplace 1] New Message (MOCKED): WTS iPhone 14 Pro Max 256GB...
[Exporter] Saved item: WTS iPhone 14 Pro Max 256GB
[Marketplace 1] New Message (MOCKED): Looking for Python dev...
[Exporter] Saved item: Looking for Python dev
[Crypto Signals] New Message (MOCKED): [SOLD] MacBook Air M2...
[Exporter] Saved item: [SOLD] MacBook Air M2
[Crypto Signals] New Message (MOCKED): Looking for Python dev...
[Exporter] Saved item: Looking for Python dev
[Marketplace 1] New Message (MOCKED): Selling 100 USDT for PayPal F&F...
[Exporter] Saved item: Selling 100 USDT for PayPal F&F
[Marketplace 1] New Message (MOCKED): Jual Akun Google Cloud...
[Exporter] Saved item: Jual Akun Google Cloud
[Job Board] New Message (MOCKED): Jual Akun Google Cloud...
[Exporter] Saved item: Jual Akun Google Cloud
[Job Board] New Message (MOCKED): [SOLD] MacBook Air M2...
[Exporter] Saved item: [SOLD] MacBook Air M2
[Job Board] New Message (MOCKED): Selling 100 USDT for PayPal F&F...
[Exporter] Saved item: Selling 100 USDT for PayPal F&F
[Marketplace 1] New Message (MOCKED): [SOLD] MacBook Air M2...
[Exporter] Saved item: [SOLD] MacBook Air M2
[Job Board] New Message (MOCKED): WTS iPhone 14 Pro Max 256GB...
[Exporter] Saved item: WTS iPhone 14 Pro Max 256GB
[Crypto Signals] New Message (MOCKED): [SOLD] MacBook Air M2...
[Exporter] Saved item: [SOLD] MacBook Air M2
[Marketplace 1] New Message (MOCKED): [SOLD] MacBook Air M2...
[Exporter] Saved item: [SOLD] MacBook Air M2
[Job Board] New Message (MOCKED): WTS iPhone 14 Pro Max 256GB...
[Exporter] Saved item: WTS iPhone 14 Pro Max 256GB
[Marketplace 1] New Message (MOCKED): Selling 100 USDT for PayPal F&F...
[Exporter] Saved item: Selling 100 USDT for PayPal F&F
[Marketplace 1] New Message (MOCKED): Jual Akun Google Cloud...
[Exporter] Saved item: Jual Akun Google Cloud
[Marketplace 1] New Message (MOCKED): Jual Akun Google Cloud...
[Exporter] Saved item: Jual Akun Google Cloud
[Job Board] New Message (MOCKED): [SOLD] MacBook Air M2...
[Exporter] Saved item: [SOLD] MacBook Air M2
[Crypto Signals] New Message (MOCKED): Jual Akun Google Cloud...
[Exporter] Saved item: Jual Akun Google Cloud
[Marketplace 1] New Message (MOCKED): WTS iPhone 14 Pro Max 256GB...
[Exporter] Saved item: WTS iPhone 14 Pro Max 256GB
[Marketplace 1] New Message (MOCKED): Jual Akun Google Cloud...
[Exporter] Saved item: Jual Akun Google Cloud
[Crypto Signals] New Message (MOCKED): Selling 100 USDT for PayPal F&F...
[Exporter] Saved item: Selling 100 USDT for PayPal F&F
[Crypto Signals] New Message (MOCKED): Looking for Python dev...
[Exporter] Saved item: Looking for Python dev
[Crypto Signals] New Message (MOCKED): Sewa RDP Windows 8GB RAM...
[Exporter] Saved item: Sewa RDP Windows 8GB RAM
[Marketplace 1] New Message (MOCKED): Jual Akun Google Cloud...
[Exporter] Saved item: Jual Akun Google Cloud
[Crypto Signals] New Message (MOCKED): WTS iPhone 14 Pro Max 256GB...
[Exporter] Saved item: WTS iPhone 14 Pro Max 256GB
[Crypto Signals] New Message (MOCKED): WTS iPhone 14 Pro Max 256GB...
[Exporter] Saved item: WTS iPhone 14 Pro Max 256GB
[Crypto Signals] New Message (MOCKED): WTS iPhone 14 Pro Max 256GB...
[Exporter] Saved item: WTS iPhone 14 Pro Max 256GB
[Crypto Signals] New Message (MOCKED): WTS iPhone 14 Pro Max 256GB...
[Exporter] Saved item: WTS iPhone 14 Pro Max 256GB
[Marketplace 1] New Message (MOCKED): Jual Akun Google Cloud...
[Exporter] Saved item: Jual Akun Google Cloud
[Marketplace 1] New Message (MOCKED): Jual Akun Google Cloud...
[Exporter] Saved item: Jual Akun Google Cloud
[Crypto Signals] New Message (MOCKED): Sewa RDP Windows 8GB RAM...
[Exporter] Saved item: Sewa RDP Windows 8GB RAM
[Crypto Signals] New Message (MOCKED): WTS iPhone 14 Pro Max 256GB...
[Exporter] Saved item: WTS iPhone 14 Pro Max 256GB
[Marketplace 1] New Message (MOCKED): Sewa RDP Windows 8GB RAM...
[Exporter] Saved item: Sewa RDP Windows 8GB RAM
[Crypto Signals] New Message (MOCKED): WTS iPhone 14 Pro Max 256GB...
[Exporter] Saved item: WTS iPhone 14 Pro Max 256GB
[Job Board] New Message (MOCKED): [SOLD] MacBook Air M2...
[Exporter] Saved item: [SOLD] MacBook Air M2
[Job Board] New Message (MOCKED): Jual Akun Google Cloud...
[Exporter] Saved item: Jual Akun Google Cloud
[Marketplace 1] New Message (MOCKED): Sewa RDP Windows 8GB RAM...
[Exporter] Saved item: Sewa RDP Windows 8GB RAM
[Job Board] New Message (MOCKED): Jual Akun Google Cloud...
[Exporter] Saved item: Jual Akun Google Cloud
[Crypto Signals] New Message (MOCKED): Looking for Python dev...
[Exporter] Saved item: Looking for Python dev
[Job Board] New Message (MOCKED): [SOLD] MacBook Air M2...
[Exporter] Saved item: [SOLD] MacBook Air M2
[Job Board] New Message (MOCKED): Sewa RDP Windows 8GB RAM...
[Exporter] Saved item: Sewa RDP Windows 8GB RAM
[Marketplace 1] New Message (MOCKED): Sewa RDP Windows 8GB RAM...
[Exporter] Saved item: Sewa RDP Windows 8GB RAM
[Job Board] New Message (MOCKED): Sewa RDP Windows 8GB RAM...
[Exporter] Saved item: Sewa RDP Windows 8GB RAM
[Crypto Signals] New Message (MOCKED): Looking for Python dev...
[Exporter] Saved item: Looking for Python dev
[Job Board] New Message (MOCKED): Jual Akun Google Cloud...
[Exporter] Saved item: Jual Akun Google Cloud
[Crypto Signals] New Message (MOCKED): Selling 100 USDT for PayPal F&F...
[Exporter] Saved item: Selling 100 USDT for PayPal F&F
[Job Board] New Message (MOCKED): Looking for Python dev...
[Exporter] Saved item: Looking for Python dev
[Job Board] New Message (MOCKED): Jual Akun Google Cloud...
[Exporter] Saved item: Jual Akun Google Cloud
[Crypto Signals] New Message (MOCKED): Selling 100 USDT for PayPal F&F...
[Exporter] Saved item: Selling 100 USDT for PayPal F&F
[Marketplace 1] New Message (MOCKED): Jual Akun Google Cloud...
[Exporter] Saved item: Jual Akun Google Cloud
[Crypto Signals] New Message (MOCKED): Looking for Python dev...
[Exporter] Saved item: Looking for Python dev
[Crypto Signals] New Message (MOCKED): Jual Akun Google Cloud...
[Exporter] Saved item: Jual Akun Google Cloud
[Job Board] New Message (MOCKED): WTS iPhone 14 Pro Max 256GB...
[Exporter] Saved item: WTS iPhone 14 Pro Max 256GB
[Job Board] New Message (MOCKED): [SOLD] MacBook Air M2...
[Exporter] Saved item: [SOLD] MacBook Air M2
[Job Board] New Message (MOCKED): Jual Akun Google Cloud...
[Exporter] Saved item: Jual Akun Google Cloud
[Marketplace 1] New Message (MOCKED): Sewa RDP Windows 8GB RAM...
[Exporter] Saved item: Sewa RDP Windows 8GB RAM
[Crypto Signals] New Message (MOCKED): Looking for Python dev...
[Exporter] Saved item: Looking for Python dev
[Crypto Signals] New Message (MOCKED): Looking for Python dev...
[Exporter] Saved item: Looking for Python dev
[Crypto Signals] New Message (MOCKED): Looking for Python dev...
[Exporter] Saved item: Looking for Python dev
[Marketplace 1] New Message (MOCKED): Looking for Python dev...
[Exporter] Saved item: Looking for Python dev
[Marketplace 1] New Message (MOCKED): WTS iPhone 14 Pro Max 256GB...
[Exporter] Saved item: WTS iPhone 14 Pro Max 256GB
[Marketplace 1] New Message (MOCKED): Jual Akun Google Cloud...
[Exporter] Saved item: Jual Akun Google Cloud
[Crypto Signals] New Message (MOCKED): Jual Akun Google Cloud...
[Exporter] Saved item: Jual Akun Google Cloud
[Job Board] New Message (MOCKED): WTS iPhone 14 Pro Max 256GB...
[Exporter] Saved item: WTS iPhone 14 Pro Max 256GB
[Crypto Signals] New Message (MOCKED): Jual Akun Google Cloud...
[Exporter] Saved item: Jual Akun Google Cloud
[Job Board] New Message (MOCKED): Looking for Python dev...
[Exporter] Saved item: Looking for Python dev
[Marketplace 1] New Message (MOCKED): WTS iPhone 14 Pro Max 256GB...
[Exporter] Saved item: WTS iPhone 14 Pro Max 256GB
[Marketplace 1] New Message (MOCKED): WTS iPhone 14 Pro Max 256GB...
[Exporter] Saved item: WTS iPhone 14 Pro Max 256GB
[Marketplace 1] New Message (MOCKED): Jual Akun Google Cloud...
[Exporter] Saved item: Jual Akun Google Cloud
[Crypto Signals] New Message (MOCKED): Looking for Python dev...
[Exporter] Saved item: Looking for Python dev
[Marketplace 1] New Message (MOCKED): Sewa RDP Windows 8GB RAM...
[Exporter] Saved item: Sewa RDP Windows 8GB RAM
[Job Board] New Message (MOCKED): Looking for Python dev...
[Exporter] Saved item: Looking for Python dev
[Job Board] New Message (MOCKED): [SOLD] MacBook Air M2...
[Exporter] Saved item: [SOLD] MacBook Air M2
[Crypto Signals] New Message (MOCKED): Selling 100 USDT for PayPal F&F...
[Exporter] Saved item: Selling 100 USDT for PayPal F&F
[Crypto Signals] New Message (MOCKED): Selling 100 USDT for PayPal F&F...
[Exporter] Saved item: Selling 100 USDT for PayPal F&F
[Crypto Signals] New Message (MOCKED): Looking for Python dev...
[Exporter] Saved item: Looking for Python dev
[Marketplace 1] New Message (MOCKED): Sewa RDP Windows 8GB RAM...
[Exporter] Saved item: Sewa RDP Windows 8GB RAM
[Marketplace 1] New Message (MOCKED): Sewa RDP Windows 8GB RAM...
[Exporter] Saved item: Sewa RDP Windows 8GB RAM
[Crypto Signals] New Message (MOCKED): [SOLD] MacBook Air M2...
[Exporter] Saved item: [SOLD] MacBook Air M2
[Job Board] New Message (MOCKED): Jual Akun Google Cloud...
[Exporter] Saved item: Jual Akun Google Cloud
[Marketplace 1] New Message (MOCKED): Jual Akun Google Cloud...
[Exporter] Saved item: Jual Akun Google Cloud
[Marketplace 1] New Message (MOCKED): Looking for Python dev...
[Exporter] Saved item: Looking for Python dev
[Marketplace 1] New Message (MOCKED): Sewa RDP Windows 8GB RAM...
[Exporter] Saved item: Sewa RDP Windows 8GB RAM
[Crypto Signals] New Message (MOCKED): [SOLD] MacBook Air M2...
[Exporter] Saved item: [SOLD] MacBook Air M2
[Crypto Signals] New Message (MOCKED): Selling 100 USDT for PayPal F&F...
[Exporter] Saved item: Selling 100 USDT for PayPal F&F
[Job Board] New Message (MOCKED): Looking for Python dev...
[Exporter] Saved item: Looking for Python dev
[Job Board] New Message (MOCKED): Jual Akun Google Cloud...
[Exporter] Saved item: Jual Akun Google Cloud
[Marketplace 1] New Message (MOCKED): WTS iPhone 14 Pro Max 256GB...
[Exporter] Saved item: WTS iPhone 14 Pro Max 256GB
[Marketplace 1] New Message (MOCKED): Selling 100 USDT for PayPal F&F...
[Exporter] Saved item: Selling 100 USDT for PayPal F&F
[Marketplace 1] New Message (MOCKED): Sewa RDP Windows 8GB RAM...
[Exporter] Saved item: Sewa RDP Windows 8GB RAM
[Job Board] New Message (MOCKED): Sewa RDP Windows 8GB RAM...
[Exporter] Saved item: Sewa RDP Windows 8GB RAM
[Crypto Signals] New Message (MOCKED): Jual Akun Google Cloud...
[Exporter] Saved item: Jual Akun Google Cloud
[Crypto Signals] New Message (MOCKED): Jual Akun Google Cloud...
[Exporter] Saved item: Jual Akun Google Cloud
[Job Board] New Message (MOCKED): Looking for Python dev...
[Exporter] Saved item: Looking for Python dev
[Marketplace 1] New Message (MOCKED): Jual Akun Google Cloud...
[Exporter] Saved item: Jual Akun Google Cloud
[Crypto Signals] New Message (MOCKED): [SOLD] MacBook Air M2...
[Exporter] Saved item: [SOLD] MacBook Air M2
[Crypto Signals] New Message (MOCKED): Sewa RDP Windows 8GB RAM...
[Exporter] Saved item: Sewa RDP Windows 8GB RAM
[Crypto Signals] New Message (MOCKED): Looking for Python dev...
[Exporter] Saved item: Looking for Python dev
[Job Board] New Message (MOCKED): Sewa RDP Windows 8GB RAM...
[Exporter] Saved item: Sewa RDP Windows 8GB RAM
[Job Board] New Message (MOCKED): Jual Akun Google Cloud...
[Exporter] Saved item: Jual Akun Google Cloud
[Job Board] New Message (MOCKED): WTS iPhone 14 Pro Max 256GB...
[Exporter] Saved item: WTS iPhone 14 Pro Max 256GB
[Job Board] New Message (MOCKED): Looking for Python dev...
[Exporter] Saved item: Looking for Python dev
[Job Board] New Message (MOCKED): Jual Akun Google Cloud...
[Exporter] Saved item: Jual Akun Google Cloud
[Job Board] New Message (MOCKED): Jual Akun Google Cloud...
[Exporter] Saved item: Jual Akun Google Cloud
[Marketplace 1] New Message (MOCKED): Selling 100 USDT for PayPal F&F...
[Exporter] Saved item: Selling 100 USDT for PayPal F&F
[Marketplace 1] New Message (MOCKED): WTS iPhone 14 Pro Max 256GB...
[Exporter] Saved item: WTS iPhone 14 Pro Max 256GB
[Crypto Signals] New Message (MOCKED): WTS iPhone 14 Pro Max 256GB...
[Exporter] Saved item: WTS iPhone 14 Pro Max 256GB
[Crypto Signals] New Message (MOCKED): [SOLD] MacBook Air M2...
[Exporter] Saved item: [SOLD] MacBook Air M2
[Crypto Signals] New Message (MOCKED): Looking for Python dev...
[Exporter] Saved item: Looking for Python dev
[Job Board] New Message (MOCKED): [SOLD] MacBook Air M2...
[Exporter] Saved item: [SOLD] MacBook Air M2
[Marketplace 1] New Message (MOCKED): Selling 100 USDT for PayPal F&F...
[Exporter] Saved item: Selling 100 USDT for PayPal F&F
[Marketplace 1] New Message (MOCKED): Jual Akun Google Cloud...
[Exporter] Saved item: Jual Akun Google Cloud
[Job Board] New Message (MOCKED): Sewa RDP Windows 8GB RAM...
[Exporter] Saved item: Sewa RDP Windows 8GB RAM
[Crypto Signals] New Message (MOCKED): Sewa RDP Windows 8GB RAM...
[Exporter] Saved item: Sewa RDP Windows 8GB RAM
[Job Board] New Message (MOCKED): WTS iPhone 14 Pro Max 256GB...
[Exporter] Saved item: WTS iPhone 14 Pro Max 256GB
[Job Board] New Message (MOCKED): [SOLD] MacBook Air M2...
[Exporter] Saved item: [SOLD] MacBook Air M2
[Job Board] New Message (MOCKED): Jual Akun Google Cloud...
[Exporter] Saved item: Jual Akun Google Cloud
[Crypto Signals] New Message (MOCKED): Selling 100 USDT for PayPal F&F...
[Exporter] Saved item: Selling 100 USDT for PayPal F&F
[Crypto Signals] New Message (MOCKED): Sewa RDP Windows 8GB RAM...
[Exporter] Saved item: Sewa RDP Windows 8GB RAM
[Marketplace 1] New Message (MOCKED): Sewa RDP Windows 8GB RAM...
[Exporter] Saved item: Sewa RDP Windows 8GB RAM
[Job Board] New Message (MOCKED): Jual Akun Google Cloud...
[Exporter] Saved item: Jual Akun Google Cloud
[Job Board] New Message (MOCKED): Sewa RDP Windows 8GB RAM...
[Exporter] Saved item: Sewa RDP Windows 8GB RAM
[Marketplace 1] New Message (MOCKED): Sewa RDP Windows 8GB RAM...
[Exporter] Saved item: Sewa RDP Windows 8GB RAM
[Job Board] New Message (MOCKED): Sewa RDP Windows 8GB RAM...
[Exporter] Saved item: Sewa RDP Windows 8GB RAM
[Crypto Signals] New Message (MOCKED): Looking for Python dev...
[Exporter] Saved item: Looking for Python dev
[Job Board] New Message (MOCKED): Jual Akun Google Cloud...
[Exporter] Saved item: Jual Akun Google Cloud
[Crypto Signals] New Message (MOCKED): [SOLD] MacBook Air M2...
[Exporter] Saved item: [SOLD] MacBook Air M2
[Marketplace 1] New Message (MOCKED): Sewa RDP Windows 8GB RAM...
[Exporter] Saved item: Sewa RDP Windows 8GB RAM
[Job Board] New Message (MOCKED): Sewa RDP Windows 8GB RAM...
[Exporter] Saved item: Sewa RDP Windows 8GB RAM
[Crypto Signals] New Message (MOCKED): Jual Akun Google Cloud...
[Exporter] Saved item: Jual Akun Google Cloud
[Crypto Signals] New Message (MOCKED): Sewa RDP Windows 8GB RAM...
[Exporter] Saved item: Sewa RDP Windows 8GB RAM
[Marketplace 1] New Message (MOCKED): WTS iPhone 14 Pro Max 256GB...
[Exporter] Saved item: WTS iPhone 14 Pro Max 256GB
[Marketplace 1] New Message (MOCKED): Looking for Python dev...
[Exporter] Saved item: Looking for Python dev
[Marketplace 1] New Message (MOCKED): Jual Akun Google Cloud...
[Exporter] Saved item: Jual Akun Google Cloud
[Crypto Signals] New Message (MOCKED): [SOLD] MacBook Air M2...
[Exporter] Saved item: [SOLD] MacBook Air M2
[Job Board] New Message (MOCKED): [SOLD] MacBook Air M2...
[Exporter] Saved item: [SOLD] MacBook Air M2
[Crypto Signals] New Message (MOCKED): Jual Akun Google Cloud...
[Exporter] Saved item: Jual Akun Google Cloud
[Job Board] New Message (MOCKED): [SOLD] MacBook Air M2...
[Exporter] Saved item: [SOLD] MacBook Air M2
[Crypto Signals] New Message (MOCKED): Looking for Python dev...
[Exporter] Saved item: Looking for Python dev
[Marketplace 1] New Message (MOCKED): Sewa RDP Windows 8GB RAM...
[Exporter] Saved item: Sewa RDP Windows 8GB RAM
[Marketplace 1] New Message (MOCKED): WTS iPhone 14 Pro Max 256GB...
[Exporter] Saved item: WTS iPhone 14 Pro Max 256GB
[Crypto Signals] New Message (MOCKED): Sewa RDP Windows 8GB RAM...
[Exporter] Saved item: Sewa RDP Windows 8GB RAM
[Crypto Signals] New Message (MOCKED): WTS iPhone 14 Pro Max 256GB...
[Exporter] Saved item: WTS iPhone 14 Pro Max 256GB
[Job Board] New Message (MOCKED): WTS iPhone 14 Pro Max 256GB...
[Exporter] Saved item: WTS iPhone 14 Pro Max 256GB
[Crypto Signals] New Message (MOCKED): Sewa RDP Windows 8GB RAM...
[Exporter] Saved item: Sewa RDP Windows 8GB RAM
[Crypto Signals] New Message (MOCKED): Selling 100 USDT for PayPal F&F...
[Exporter] Saved item: Selling 100 USDT for PayPal F&F
[Marketplace 1] New Message (MOCKED): [SOLD] MacBook Air M2...
[Exporter] Saved item: [SOLD] MacBook Air M2
[Crypto Signals] New Message (MOCKED): Looking for Python dev...
[Exporter] Saved item: Looking for Python dev
[Marketplace 1] New Message (MOCKED): Selling 100 USDT for PayPal F&F...
[Exporter] Saved item: Selling 100 USDT for PayPal F&F
[Crypto Signals] New Message (MOCKED): [SOLD] MacBook Air M2...
[Exporter] Saved item: [SOLD] MacBook Air M2
[Marketplace 1] New Message (MOCKED): Looking for Python dev...
[Exporter] Saved item: Looking for Python dev
[Job Board] New Message (MOCKED): Looking for Python dev...
[Exporter] Saved item: Looking for Python dev
[Crypto Signals] New Message (MOCKED): Selling 100 USDT for PayPal F&F...
[Exporter] Saved item: Selling 100 USDT for PayPal F&F
[Marketplace 1] New Message (MOCKED): [SOLD] MacBook Air M2...
[Exporter] Saved item: [SOLD] MacBook Air M2
[Crypto Signals] New Message (MOCKED): Looking for Python dev...
[Exporter] Saved item: Looking for Python dev
[Job Board] New Message (MOCKED): Looking for Python dev...
[Exporter] Saved item: Looking for Python dev
[Job Board] New Message (MOCKED): [SOLD] MacBook Air M2...
[Exporter] Saved item: [SOLD] MacBook Air M2
[Job Board] New Message (MOCKED): WTS iPhone 14 Pro Max 256GB...
[Exporter] Saved item: WTS iPhone 14 Pro Max 256GB
[Marketplace 1] New Message (MOCKED): WTS iPhone 14 Pro Max 256GB...
[Exporter] Saved item: WTS iPhone 14 Pro Max 256GB
[Job Board] New Message (MOCKED): Sewa RDP Windows 8GB RAM...
[Exporter] Saved item: Sewa RDP Windows 8GB RAM
[Crypto Signals] New Message (MOCKED): [SOLD] MacBook Air M2...
[Exporter] Saved item: [SOLD] MacBook Air M2
[Job Board] New Message (MOCKED): [SOLD] MacBook Air M2...
[Exporter] Saved item: [SOLD] MacBook Air M2
[Marketplace 1] New Message (MOCKED): [SOLD] MacBook Air M2...
[Exporter] Saved item: [SOLD] MacBook Air M2
[Marketplace 1] New Message (MOCKED): [SOLD] MacBook Air M2...
[Exporter] Saved item: [SOLD] MacBook Air M2
[Marketplace 1] New Message (MOCKED): Looking for Python dev...
[Exporter] Saved item: Looking for Python dev
[Crypto Signals] New Message (MOCKED): WTS iPhone 14 Pro Max 256GB...
[Exporter] Saved item: WTS iPhone 14 Pro Max 256GB
[Job Board] New Message (MOCKED): Sewa RDP Windows 8GB RAM...
[Exporter] Saved item: Sewa RDP Windows 8GB RAM
[Crypto Signals] New Message (MOCKED): Looking for Python dev...
[Exporter] Saved item: Looking for Python dev
[Job Board] New Message (MOCKED): WTS iPhone 14 Pro Max 256GB...
[Exporter] Saved item: WTS iPhone 14 Pro Max 256GB
[Marketplace 1] New Message (MOCKED): Selling 100 USDT for PayPal F&F...
[Exporter] Saved item: Selling 100 USDT for PayPal F&F
[Crypto Signals] New Message (MOCKED): WTS iPhone 14 Pro Max 256GB...
[Exporter] Saved item: WTS iPhone 14 Pro Max 256GB
[Job Board] New Message (MOCKED): WTS iPhone 14 Pro Max 256GB...
[Exporter] Saved item: WTS iPhone 14 Pro Max 256GB
[Job Board] New Message (MOCKED): Selling 100 USDT for PayPal F&F...
[Exporter] Saved item: Selling 100 USDT for PayPal F&F
[Job Board] New Message (MOCKED): Sewa RDP Windows 8GB RAM...
[Exporter] Saved item: Sewa RDP Windows 8GB RAM
[Crypto Signals] New Message (MOCKED): [SOLD] MacBook Air M2...
[Exporter] Saved item: [SOLD] MacBook Air M2
[Job Board] New Message (MOCKED): Jual Akun Google Cloud...
[Exporter] Saved item: Jual Akun Google Cloud
[Job Board] New Message (MOCKED): Sewa RDP Windows 8GB RAM...
[Exporter] Saved item: Sewa RDP Windows 8GB RAM
[Marketplace 1] New Message (MOCKED): WTS iPhone 14 Pro Max 256GB...
[Exporter] Saved item: WTS iPhone 14 Pro Max 256GB
[Crypto Signals] New Message (MOCKED): [SOLD] MacBook Air M2...
[Exporter] Saved item: [SOLD] MacBook Air M2
[Crypto Signals] New Message (MOCKED): Jual Akun Google Cloud...
[Exporter] Saved item: Jual Akun Google Cloud
[Marketplace 1] New Message (MOCKED): Looking for Python dev...
[Exporter] Saved item: Looking for Python dev
[Crypto Signals] New Message (MOCKED): Jual Akun Google Cloud...
[Exporter] Saved item: Jual Akun Google Cloud
[Job Board] New Message (MOCKED): WTS iPhone 14 Pro Max 256GB...
[Exporter] Saved item: WTS iPhone 14 Pro Max 256GB
[Job Board] New Message (MOCKED): [SOLD] MacBook Air M2...
[Exporter] Saved item: [SOLD] MacBook Air M2
[Marketplace 1] New Message (MOCKED): Sewa RDP Windows 8GB RAM...
[Exporter] Saved item: Sewa RDP Windows 8GB RAM
[Crypto Signals] New Message (MOCKED): Looking for Python dev...
[Exporter] Saved item: Looking for Python dev
[Marketplace 1] New Message (MOCKED): Looking for Python dev...
[Exporter] Saved item: Looking for Python dev
[Crypto Signals] New Message (MOCKED): Looking for Python dev...
[Exporter] Saved item: Looking for Python dev
[Crypto Signals] New Message (MOCKED): WTS iPhone 14 Pro Max 256GB...
[Exporter] Saved item: WTS iPhone 14 Pro Max 256GB
[Crypto Signals] New Message (MOCKED): Sewa RDP Windows 8GB RAM...
[Exporter] Saved item: Sewa RDP Windows 8GB RAM
[Marketplace 1] New Message (MOCKED): [SOLD] MacBook Air M2...
[Exporter] Saved item: [SOLD] MacBook Air M2
[Marketplace 1] New Message (MOCKED): WTS iPhone 14 Pro Max 256GB...
[Exporter] Saved item: WTS iPhone 14 Pro Max 256GB
[Crypto Signals] New Message (MOCKED): WTS iPhone 14 Pro Max 256GB...
[Exporter] Saved item: WTS iPhone 14 Pro Max 256GB
[Marketplace 1] New Message (MOCKED): Sewa RDP Windows 8GB RAM...
[Exporter] Saved item: Sewa RDP Windows 8GB RAM
[Crypto Signals] New Message (MOCKED): Selling 100 USDT for PayPal F&F...
[Exporter] Saved item: Selling 100 USDT for PayPal F&F
[Job Board] New Message (MOCKED): WTS iPhone 14 Pro Max 256GB...
[Exporter] Saved item: WTS iPhone 14 Pro Max 256GB
[Job Board] New Message (MOCKED): Jual Akun Google Cloud...
[Exporter] Saved item: Jual Akun Google Cloud
[Job Board] New Message (MOCKED): Looking for Python dev...
[Exporter] Saved item: Looking for Python dev
[Job Board] New Message (MOCKED): [SOLD] MacBook Air M2...
[Exporter] Saved item: [SOLD] MacBook Air M2
[Crypto Signals] New Message (MOCKED): WTS iPhone 14 Pro Max 256GB...
[Exporter] Saved item: WTS iPhone 14 Pro Max 256GB
[Crypto Signals] New Message (MOCKED): Looking for Python dev...
[Exporter] Saved item: Looking for Python dev
[Marketplace 1] New Message (MOCKED): Selling 100 USDT for PayPal F&F...
[Exporter] Saved item: Selling 100 USDT for PayPal F&F
[Crypto Signals] New Message (MOCKED): Selling 100 USDT for PayPal F&F...
[Exporter] Saved item: Selling 100 USDT for PayPal F&F
[Crypto Signals] New Message (MOCKED): Looking for Python dev...
[Exporter] Saved item: Looking for Python dev
[Job Board] New Message (MOCKED): Looking for Python dev...
[Exporter] Saved item: Looking for Python dev
[Crypto Signals] New Message (MOCKED): [SOLD] MacBook Air M2...
[Exporter] Saved item: [SOLD] MacBook Air M2
[Crypto Signals] New Message (MOCKED): Selling 100 USDT for PayPal F&F...
[Exporter] Saved item: Selling 100 USDT for PayPal F&F
[Marketplace 1] New Message (MOCKED): WTS iPhone 14 Pro Max 256GB...
[Exporter] Saved item: WTS iPhone 14 Pro Max 256GB
[Job Board] New Message (MOCKED): Selling 100 USDT for PayPal F&F...
[Exporter] Saved item: Selling 100 USDT for PayPal F&F
[Job Board] New Message (MOCKED): Selling 100 USDT for PayPal F&F...
[Exporter] Saved item: Selling 100 USDT for PayPal F&F
[Marketplace 1] New Message (MOCKED): WTS iPhone 14 Pro Max 256GB...
[Exporter] Saved item: WTS iPhone 14 Pro Max 256GB
[Job Board] New Message (MOCKED): Sewa RDP Windows 8GB RAM...
[Exporter] Saved item: Sewa RDP Windows 8GB RAM
[Job Board] New Message (MOCKED): WTS iPhone 14 Pro Max 256GB...
[Exporter] Saved item: WTS iPhone 14 Pro Max 256GB
[Job Board] New Message (MOCKED): Sewa RDP Windows 8GB RAM...
[Exporter] Saved item: Sewa RDP Windows 8GB RAM
[Crypto Signals] New Message (MOCKED): [SOLD] MacBook Air M2...
[Exporter] Saved item: [SOLD] MacBook Air M2
[Job Board] New Message (MOCKED): Jual Akun Google Cloud...
[Exporter] Saved item: Jual Akun Google Cloud
[Crypto Signals] New Message (MOCKED): Jual Akun Google Cloud...
[Exporter] Saved item: Jual Akun Google Cloud
[Marketplace 1] New Message (MOCKED): [SOLD] MacBook Air M2...
[Exporter] Saved item: [SOLD] MacBook Air M2
[Crypto Signals] New Message (MOCKED): Selling 100 USDT for PayPal F&F...
[Exporter] Saved item: Selling 100 USDT for PayPal F&F
[Job Board] New Message (MOCKED): Selling 100 USDT for PayPal F&F...
[Exporter] Saved item: Selling 100 USDT for PayPal F&F
[Crypto Signals] New Message (MOCKED): Jual Akun Google Cloud...
[Exporter] Saved item: Jual Akun Google Cloud
[Crypto Signals] New Message (MOCKED): Selling 100 USDT for PayPal F&F...
[Exporter] Saved item: Selling 100 USDT for PayPal F&F
[Job Board] New Message (MOCKED): WTS iPhone 14 Pro Max 256GB...
[Exporter] Saved item: WTS iPhone 14 Pro Max 256GB
[Job Board] New Message (MOCKED): [SOLD] MacBook Air M2...
[Exporter] Saved item: [SOLD] MacBook Air M2
[Marketplace 1] New Message (MOCKED): Sewa RDP Windows 8GB RAM...
[Exporter] Saved item: Sewa RDP Windows 8GB RAM
[Crypto Signals] New Message (MOCKED): [SOLD] MacBook Air M2...
[Exporter] Saved item: [SOLD] MacBook Air M2
[Marketplace 1] New Message (MOCKED): Looking for Python dev...
[Exporter] Saved item: Looking for Python dev
[Crypto Signals] New Message (MOCKED): Jual Akun Google Cloud...
[Exporter] Saved item: Jual Akun Google Cloud
[Job Board] New Message (MOCKED): Selling 100 USDT for PayPal F&F...
[Exporter] Saved item: Selling 100 USDT for PayPal F&F
[Crypto Signals] New Message (MOCKED): Selling 100 USDT for PayPal F&F...
[Exporter] Saved item: Selling 100 USDT for PayPal F&F
[Marketplace 1] New Message (MOCKED): Looking for Python dev...
[Exporter] Saved item: Looking for Python dev
[Crypto Signals] New Message (MOCKED): Looking for Python dev...
[Exporter] Saved item: Looking for Python dev
[Job Board] New Message (MOCKED): WTS iPhone 14 Pro Max 256GB...
[Exporter] Saved item: WTS iPhone 14 Pro Max 256GB
[Job Board] New Message (MOCKED): Sewa RDP Windows 8GB RAM...
[Exporter] Saved item: Sewa RDP Windows 8GB RAM
[Marketplace 1] New Message (MOCKED): WTS iPhone 14 Pro Max 256GB...
[Exporter] Saved item: WTS iPhone 14 Pro Max 256GB
[Marketplace 1] New Message (MOCKED): [SOLD] MacBook Air M2...
[Exporter] Saved item: [SOLD] MacBook Air M2
[Marketplace 1] New Message (MOCKED): Selling 100 USDT for PayPal F&F...
[Exporter] Saved item: Selling 100 USDT for PayPal F&F
[Marketplace 1] New Message (MOCKED): Jual Akun Google Cloud...
[Exporter] Saved item: Jual Akun Google Cloud
[Job Board] New Message (MOCKED): WTS iPhone 14 Pro Max 256GB...
[Exporter] Saved item: WTS iPhone 14 Pro Max 256GB
[Crypto Signals] New Message (MOCKED): Jual Akun Google Cloud...
[Exporter] Saved item: Jual Akun Google Cloud
[Crypto Signals] New Message (MOCKED): Jual Akun Google Cloud...
[Exporter] Saved item: Jual Akun Google Cloud
[Crypto Signals] New Message (MOCKED): Sewa RDP Windows 8GB RAM...
[Exporter] Saved item: Sewa RDP Windows 8GB RAM
[Job Board] New Message (MOCKED): [SOLD] MacBook Air M2...
[Exporter] Saved item: [SOLD] MacBook Air M2
[Crypto Signals] New Message (MOCKED): Sewa RDP Windows 8GB RAM...
[Exporter] Saved item: Sewa RDP Windows 8GB RAM
[Marketplace 1] New Message (MOCKED): [SOLD] MacBook Air M2...
[Exporter] Saved item: [SOLD] MacBook Air M2
[Job Board] New Message (MOCKED): Selling 100 USDT for PayPal F&F...
[Exporter] Saved item: Selling 100 USDT for PayPal F&F
[Crypto Signals] New Message (MOCKED): Sewa RDP Windows 8GB RAM...
[Exporter] Saved item: Sewa RDP Windows 8GB RAM
[Crypto Signals] New Message (MOCKED): Jual Akun Google Cloud...
[Exporter] Saved item: Jual Akun Google Cloud
[Marketplace 1] New Message (MOCKED): Looking for Python dev...
[Exporter] Saved item: Looking for Python dev
[Marketplace 1] New Message (MOCKED): Sewa RDP Windows 8GB RAM...
[Exporter] Saved item: Sewa RDP Windows 8GB RAM
[Job Board] New Message (MOCKED): Selling 100 USDT for PayPal F&F...
[Exporter] Saved item: Selling 100 USDT for PayPal F&F
[Crypto Signals] New Message (MOCKED): Selling 100 USDT for PayPal F&F...
[Exporter] Saved item: Selling 100 USDT for PayPal F&F
[Crypto Signals] New Message (MOCKED): Looking for Python dev...
[Exporter] Saved item: Looking for Python dev
[Marketplace 1] New Message (MOCKED): [SOLD] MacBook Air M2...
[Exporter] Saved item: [SOLD] MacBook Air M2
[Job Board] New Message (MOCKED): Jual Akun Google Cloud...
[Exporter] Saved item: Jual Akun Google Cloud
[Crypto Signals] New Message (MOCKED): Jual Akun Google Cloud...
[Exporter] Saved item: Jual Akun Google Cloud
[Job Board] New Message (MOCKED): Jual Akun Google Cloud...
[Exporter] Saved item: Jual Akun Google Cloud
[Job Board] New Message (MOCKED): Sewa RDP Windows 8GB RAM...
[Exporter] Saved item: Sewa RDP Windows 8GB RAM
[Crypto Signals] New Message (MOCKED): Looking for Python dev...
[Exporter] Saved item: Looking for Python dev
[Crypto Signals] New Message (MOCKED): Sewa RDP Windows 8GB RAM...
[Exporter] Saved item: Sewa RDP Windows 8GB RAM
[Marketplace 1] New Message (MOCKED): Selling 100 USDT for PayPal F&F...
[Exporter] Saved item: Selling 100 USDT for PayPal F&F
[Crypto Signals] New Message (MOCKED): Jual Akun Google Cloud...
[Exporter] Saved item: Jual Akun Google Cloud
[Marketplace 1] New Message (MOCKED): [SOLD] MacBook Air M2...
[Exporter] Saved item: [SOLD] MacBook Air M2
[Job Board] New Message (MOCKED): WTS iPhone 14 Pro Max 256GB...
[Exporter] Saved item: WTS iPhone 14 Pro Max 256GB
[Crypto Signals] New Message (MOCKED): Selling 100 USDT for PayPal F&F...
[Exporter] Saved item: Selling 100 USDT for PayPal F&F
[Marketplace 1] New Message (MOCKED): [SOLD] MacBook Air M2...
[Exporter] Saved item: [SOLD] MacBook Air M2
[Marketplace 1] New Message (MOCKED): Sewa RDP Windows 8GB RAM...
[Exporter] Saved item: Sewa RDP Windows 8GB RAM
[Marketplace 1] New Message (MOCKED): [SOLD] MacBook Air M2...
[Exporter] Saved item: [SOLD] MacBook Air M2
[Job Board] New Message (MOCKED): Looking for Python dev...
[Exporter] Saved item: Looking for Python dev
[Marketplace 1] New Message (MOCKED): Sewa RDP Windows 8GB RAM...
[Exporter] Saved item: Sewa RDP Windows 8GB RAM
[Crypto Signals] New Message (MOCKED): Sewa RDP Windows 8GB RAM...
[Exporter] Saved item: Sewa RDP Windows 8GB RAM
[Crypto Signals] New Message (MOCKED): WTS iPhone 14 Pro Max 256GB...
[Exporter] Saved item: WTS iPhone 14 Pro Max 256GB
[Job Board] New Message (MOCKED): Selling 100 USDT for PayPal F&F...
[Exporter] Saved item: Selling 100 USDT for PayPal F&F
[Job Board] New Message (MOCKED): WTS iPhone 14 Pro Max 256GB...
[Exporter] Saved item: WTS iPhone 14 Pro Max 256GB
[Marketplace 1] New Message (MOCKED): Selling 100 USDT for PayPal F&F...
[Exporter] Saved item: Selling 100 USDT for PayPal F&F
[Marketplace 1] New Message (MOCKED): Selling 100 USDT for PayPal F&F...
[Exporter] Saved item: Selling 100 USDT for PayPal F&F
[Marketplace 1] New Message (MOCKED): Selling 100 USDT for PayPal F&F...
[Exporter] Saved item: Selling 100 USDT for PayPal F&F
[Crypto Signals] New Message (MOCKED): [SOLD] MacBook Air M2...
[Exporter] Saved item: [SOLD] MacBook Air M2
[Marketplace 1] New Message (MOCKED): Selling 100 USDT for PayPal F&F...
[Exporter] Saved item: Selling 100 USDT for PayPal F&F
[Job Board] New Message (MOCKED): [SOLD] MacBook Air M2...
[Exporter] Saved item: [SOLD] MacBook Air M2
[Marketplace 1] New Message (MOCKED): Selling 100 USDT for PayPal F&F...
[Exporter] Saved item: Selling 100 USDT for PayPal F&F
[Job Board] New Message (MOCKED): Selling 100 USDT for PayPal F&F...
[Exporter] Saved item: Selling 100 USDT for PayPal F&F
[Job Board] New Message (MOCKED): WTS iPhone 14 Pro Max 256GB...
[Exporter] Saved item: WTS iPhone 14 Pro Max 256GB
[Marketplace 1] New Message (MOCKED): Looking for Python dev...
[Exporter] Saved item: Looking for Python dev
[Crypto Signals] New Message (MOCKED): Sewa RDP Windows 8GB RAM...
[Exporter] Saved item: Sewa RDP Windows 8GB RAM
[Crypto Signals] New Message (MOCKED): Looking for Python dev...
[Exporter] Saved item: Looking for Python dev
[Job Board] New Message (MOCKED): [SOLD] MacBook Air M2...
[Exporter] Saved item: [SOLD] MacBook Air M2
[Crypto Signals] New Message (MOCKED): Sewa RDP Windows 8GB RAM...
[Exporter] Saved item: Sewa RDP Windows 8GB RAM
[Crypto Signals] New Message (MOCKED): Looking for Python dev...
[Exporter] Saved item: Looking for Python dev
[Crypto Signals] New Message (MOCKED): Selling 100 USDT for PayPal F&F...
[Exporter] Saved item: Selling 100 USDT for PayPal F&F
[Marketplace 1] New Message (MOCKED): [SOLD] MacBook Air M2...
[Exporter] Saved item: [SOLD] MacBook Air M2
[Job Board] New Message (MOCKED): [SOLD] MacBook Air M2...
[Exporter] Saved item: [SOLD] MacBook Air M2
[Job Board] New Message (MOCKED): Jual Akun Google Cloud...
[Exporter] Saved item: Jual Akun Google Cloud
[Marketplace 1] New Message (MOCKED): Looking for Python dev...
[Exporter] Saved item: Looking for Python dev
[Job Board] New Message (MOCKED): Looking for Python dev...
[Exporter] Saved item: Looking for Python dev
[Crypto Signals] New Message (MOCKED): [SOLD] MacBook Air M2...
[Exporter] Saved item: [SOLD] MacBook Air M2
[Job Board] New Message (MOCKED): Jual Akun Google Cloud...
[Exporter] Saved item: Jual Akun Google Cloud
[Marketplace 1] New Message (MOCKED): Selling 100 USDT for PayPal F&F...
[Exporter] Saved item: Selling 100 USDT for PayPal F&F
[Marketplace 1] New Message (MOCKED): Jual Akun Google Cloud...
[Exporter] Saved item: Jual Akun Google Cloud
[Crypto Signals] New Message (MOCKED): Sewa RDP Windows 8GB RAM...
[Exporter] Saved item: Sewa RDP Windows 8GB RAM
[Job Board] New Message (MOCKED): Looking for Python dev...
[Exporter] Saved item: Looking for Python dev
[Marketplace 1] New Message (MOCKED): [SOLD] MacBook Air M2...
[Exporter] Saved item: [SOLD] MacBook Air M2
[Job Board] New Message (MOCKED): Jual Akun Google Cloud...
[Exporter] Saved item: Jual Akun Google Cloud
[Job Board] New Message (MOCKED): Selling 100 USDT for PayPal F&F...
[Exporter] Saved item: Selling 100 USDT for PayPal F&F
[Job Board] New Message (MOCKED): Selling 100 USDT for PayPal F&F...
[Exporter] Saved item: Selling 100 USDT for PayPal F&F
[Marketplace 1] New Message (MOCKED): [SOLD] MacBook Air M2...
[Exporter] Saved item: [SOLD] MacBook Air M2
[Job Board] New Message (MOCKED): Jual Akun Google Cloud...
[Exporter] Saved item: Jual Akun Google Cloud
[Crypto Signals] New Message (MOCKED): [SOLD] MacBook Air M2...
[Exporter] Saved item: [SOLD] MacBook Air M2
[Marketplace 1] New Message (MOCKED): Selling 100 USDT for PayPal F&F...
[Exporter] Saved item: Selling 100 USDT for PayPal F&F
[Job Board] New Message (MOCKED): WTS iPhone 14 Pro Max 256GB...
[Exporter] Saved item: WTS iPhone 14 Pro Max 256GB
[Job Board] New Message (MOCKED): Sewa RDP Windows 8GB RAM...
[Exporter] Saved item: Sewa RDP Windows 8GB RAM
[Marketplace 1] New Message (MOCKED): Looking for Python dev...
[Exporter] Saved item: Looking for Python dev
[Crypto Signals] New Message (MOCKED): Looking for Python dev...
[Exporter] Saved item: Looking for Python dev
[Job Board] New Message (MOCKED): Jual Akun Google Cloud...
[Exporter] Saved item: Jual Akun Google Cloud
[Job Board] New Message (MOCKED): Looking for Python dev...
[Exporter] Saved item: Looking for Python dev
[Crypto Signals] New Message (MOCKED): Jual Akun Google Cloud...
[Exporter] Saved item: Jual Akun Google Cloud
[Job Board] New Message (MOCKED): Jual Akun Google Cloud...
[Exporter] Saved item: Jual Akun Google Cloud
[Crypto Signals] New Message (MOCKED): Jual Akun Google Cloud...
[Exporter] Saved item: Jual Akun Google Cloud
[Crypto Signals] New Message (MOCKED): [SOLD] MacBook Air M2...
[Exporter] Saved item: [SOLD] MacBook Air M2
[Crypto Signals] New Message (MOCKED): WTS iPhone 14 Pro Max 256GB...
[Exporter] Saved item: WTS iPhone 14 Pro Max 256GB
[Crypto Signals] New Message (MOCKED): Selling 100 USDT for PayPal F&F...
[Exporter] Saved item: Selling 100 USDT for PayPal F&F
[Marketplace 1] New Message (MOCKED): Jual Akun Google Cloud...
[Exporter] Saved item: Jual Akun Google Cloud
[Marketplace 1] New Message (MOCKED): Selling 100 USDT for PayPal F&F...
[Exporter] Saved item: Selling 100 USDT for PayPal F&F
[Job Board] New Message (MOCKED): Sewa RDP Windows 8GB RAM...
[Exporter] Saved item: Sewa RDP Windows 8GB RAM
[Marketplace 1] New Message (MOCKED): Sewa RDP Windows 8GB RAM...
[Exporter] Saved item: Sewa RDP Windows 8GB RAM
[Crypto Signals] New Message (MOCKED): Sewa RDP Windows 8GB RAM...
[Exporter] Saved item: Sewa RDP Windows 8GB RAM
[Crypto Signals] New Message (MOCKED): [SOLD] MacBook Air M2...
[Exporter] Saved item: [SOLD] MacBook Air M2
[Marketplace 1] New Message (MOCKED): Jual Akun Google Cloud...
[Exporter] Saved item: Jual Akun Google Cloud
[Crypto Signals] New Message (MOCKED): Jual Akun Google Cloud...
[Exporter] Saved item: Jual Akun Google Cloud
[Job Board] New Message (MOCKED): Selling 100 USDT for PayPal F&F...
[Exporter] Saved item: Selling 100 USDT for PayPal F&F
[Marketplace 1] New Message (MOCKED): Jual Akun Google Cloud...
[Exporter] Saved item: Jual Akun Google Cloud
[Job Board] New Message (MOCKED): [SOLD] MacBook Air M2...
[Exporter] Saved item: [SOLD] MacBook Air M2
[Job Board] New Message (MOCKED): Selling 100 USDT for PayPal F&F...
[Exporter] Saved item: Selling 100 USDT for PayPal F&F
[Job Board] New Message (MOCKED): Sewa RDP Windows 8GB RAM...
[Exporter] Saved item: Sewa RDP Windows 8GB RAM
[Job Board] New Message (MOCKED): [SOLD] MacBook Air M2...
[Exporter] Saved item: [SOLD] MacBook Air M2
[Job Board] New Message (MOCKED): Sewa RDP Windows 8GB RAM...
[Exporter] Saved item: Sewa RDP Windows 8GB RAM
[Marketplace 1] New Message (MOCKED): Jual Akun Google Cloud...
[Exporter] Saved item: Jual Akun Google Cloud
[Job Board] New Message (MOCKED): Jual Akun Google Cloud...
[Exporter] Saved item: Jual Akun Google Cloud
[Job Board] New Message (MOCKED): Jual Akun Google Cloud...
[Exporter] Saved item: Jual Akun Google Cloud
[Job Board] New Message (MOCKED): Selling 100 USDT for PayPal F&F...
[Exporter] Saved item: Selling 100 USDT for PayPal F&F
[Job Board] New Message (MOCKED): Selling 100 USDT for PayPal F&F...
[Exporter] Saved item: Selling 100 USDT for PayPal F&F
[Crypto Signals] New Message (MOCKED): Looking for Python dev...
[Exporter] Saved item: Looking for Python dev
[Crypto Signals] New Message (MOCKED): Looking for Python dev...
[Exporter] Saved item: Looking for Python dev
[Marketplace 1] New Message (MOCKED): Selling 100 USDT for PayPal F&F...
[Exporter] Saved item: Selling 100 USDT for PayPal F&F
[Job Board] New Message (MOCKED): Looking for Python dev...
[Exporter] Saved item: Looking for Python dev
[Marketplace 1] New Message (MOCKED): Sewa RDP Windows 8GB RAM...
[Exporter] Saved item: Sewa RDP Windows 8GB RAM
[Job Board] New Message (MOCKED): Jual Akun Google Cloud...
[Exporter] Saved item: Jual Akun Google Cloud
[Marketplace 1] New Message (MOCKED): Selling 100 USDT for PayPal F&F...
[Exporter] Saved item: Selling 100 USDT for PayPal F&F
[Marketplace 1] New Message (MOCKED): Selling 100 USDT for PayPal F&F...
[Exporter] Saved item: Selling 100 USDT for PayPal F&F
[Marketplace 1] New Message (MOCKED): Selling 100 USDT for PayPal F&F...
[Exporter] Saved item: Selling 100 USDT for PayPal F&F
[Job Board] New Message (MOCKED): Jual Akun Google Cloud...
[Exporter] Saved item: Jual Akun Google Cloud
[Crypto Signals] New Message (MOCKED): Jual Akun Google Cloud...
[Exporter] Saved item: Jual Akun Google Cloud
[Marketplace 1] New Message (MOCKED): Jual Akun Google Cloud...
[Exporter] Saved item: Jual Akun Google Cloud
[Marketplace 1] New Message (MOCKED): [SOLD] MacBook Air M2...
[Exporter] Saved item: [SOLD] MacBook Air M2
[Crypto Signals] New Message (MOCKED): WTS iPhone 14 Pro Max 256GB...
[Exporter] Saved item: WTS iPhone 14 Pro Max 256GB
[Crypto Signals] New Message (MOCKED): Looking for Python dev...
[Exporter] Saved item: Looking for Python dev
[Marketplace 1] New Message (MOCKED): Jual Akun Google Cloud...
[Exporter] Saved item: Jual Akun Google Cloud
[Job Board] New Message (MOCKED): Selling 100 USDT for PayPal F&F...
[Exporter] Saved item: Selling 100 USDT for PayPal F&F
[Marketplace 1] New Message (MOCKED): [SOLD] MacBook Air M2...
[Exporter] Saved item: [SOLD] MacBook Air M2
[Job Board] New Message (MOCKED): Selling 100 USDT for PayPal F&F...
[Exporter] Saved item: Selling 100 USDT for PayPal F&F
[Marketplace 1] New Message (MOCKED): Looking for Python dev...
[Exporter] Saved item: Looking for Python dev
[Job Board] New Message (MOCKED): Jual Akun Google Cloud...
[Exporter] Saved item: Jual Akun Google Cloud
[Crypto Signals] New Message (MOCKED): Selling 100 USDT for PayPal F&F...
[Exporter] Saved item: Selling 100 USDT for PayPal F&F
[Crypto Signals] New Message (MOCKED): Looking for Python dev...
[Exporter] Saved item: Looking for Python dev
[Marketplace 1] New Message (MOCKED): Selling 100 USDT for PayPal F&F...
[Exporter] Saved item: Selling 100 USDT for PayPal F&F
[Crypto Signals] New Message (MOCKED): Selling 100 USDT for PayPal F&F...
[Exporter] Saved item: Selling 100 USDT for PayPal F&F
[Crypto Signals] New Message (MOCKED): WTS iPhone 14 Pro Max 256GB...
[Exporter] Saved item: WTS iPhone 14 Pro Max 256GB
[Crypto Signals] New Message (MOCKED): Selling 100 USDT for PayPal F&F...
[Exporter] Saved item: Selling 100 USDT for PayPal F&F
[Crypto Signals] New Message (MOCKED): Looking for Python dev...
[Exporter] Saved item: Looking for Python dev
[Crypto Signals] New Message (MOCKED): Looking for Python dev...
[Exporter] Saved item: Looking for Python dev
[Marketplace 1] New Message (MOCKED): [SOLD] MacBook Air M2...
[Exporter] Saved item: [SOLD] MacBook Air M2
[Marketplace 1] New Message (MOCKED): [SOLD] MacBook Air M2...
[Exporter] Saved item: [SOLD] MacBook Air M2
[Job Board] New Message (MOCKED): WTS iPhone 14 Pro Max 256GB...
[Exporter] Saved item: WTS iPhone 14 Pro Max 256GB
[Job Board] New Message (MOCKED): WTS iPhone 14 Pro Max 256GB...
[Exporter] Saved item: WTS iPhone 14 Pro Max 256GB
[Crypto Signals] New Message (MOCKED): WTS iPhone 14 Pro Max 256GB...
[Exporter] Saved item: WTS iPhone 14 Pro Max 256GB
[Marketplace 1] New Message (MOCKED): Selling 100 USDT for PayPal F&F...
[Exporter] Saved item: Selling 100 USDT for PayPal F&F
[Marketplace 1] New Message (MOCKED): Sewa RDP Windows 8GB RAM...
[Exporter] Saved item: Sewa RDP Windows 8GB RAM
[Job Board] New Message (MOCKED): Sewa RDP Windows 8GB RAM...
[Exporter] Saved item: Sewa RDP Windows 8GB RAM
[Crypto Signals] New Message (MOCKED): Looking for Python dev...
[Exporter] Saved item: Looking for Python dev
[Job Board] New Message (MOCKED): Selling 100 USDT for PayPal F&F...
[Exporter] Saved item: Selling 100 USDT for PayPal F&F
[Crypto Signals] New Message (MOCKED): Selling 100 USDT for PayPal F&F...
[Exporter] Saved item: Selling 100 USDT for PayPal F&F
[Job Board] New Message (MOCKED): Sewa RDP Windows 8GB RAM...
[Exporter] Saved item: Sewa RDP Windows 8GB RAM
[Crypto Signals] New Message (MOCKED): Sewa RDP Windows 8GB RAM...
[Exporter] Saved item: Sewa RDP Windows 8GB RAM
[Marketplace 1] New Message (MOCKED): [SOLD] MacBook Air M2...
[Exporter] Saved item: [SOLD] MacBook Air M2
[Job Board] New Message (MOCKED): [SOLD] MacBook Air M2...
[Exporter] Saved item: [SOLD] MacBook Air M2
[Job Board] New Message (MOCKED): Looking for Python dev...
[Exporter] Saved item: Looking for Python dev
[Crypto Signals] New Message (MOCKED): Jual Akun Google Cloud...
[Exporter] Saved item: Jual Akun Google Cloud
[Job Board] New Message (MOCKED): Selling 100 USDT for PayPal F&F...
[Exporter] Saved item: Selling 100 USDT for PayPal F&F
[Job Board] New Message (MOCKED): Looking for Python dev...
[Exporter] Saved item: Looking for Python dev
[Job Board] New Message (MOCKED): WTS iPhone 14 Pro Max 256GB...
[Exporter] Saved item: WTS iPhone 14 Pro Max 256GB
[Marketplace 1] New Message (MOCKED): [SOLD] MacBook Air M2...
[Exporter] Saved item: [SOLD] MacBook Air M2
[Crypto Signals] New Message (MOCKED): [SOLD] MacBook Air M2...
[Exporter] Saved item: [SOLD] MacBook Air M2
[Crypto Signals] New Message (MOCKED): Sewa RDP Windows 8GB RAM...
[Exporter] Saved item: Sewa RDP Windows 8GB RAM
[Crypto Signals] New Message (MOCKED): Selling 100 USDT for PayPal F&F...
[Exporter] Saved item: Selling 100 USDT for PayPal F&F
[Job Board] New Message (MOCKED): [SOLD] MacBook Air M2...
[Exporter] Saved item: [SOLD] MacBook Air M2
[Marketplace 1] New Message (MOCKED): [SOLD] MacBook Air M2...
[Exporter] Saved item: [SOLD] MacBook Air M2
[Job Board] New Message (MOCKED): Jual Akun Google Cloud...
[Exporter] Saved item: Jual Akun Google Cloud
[Marketplace 1] New Message (MOCKED): Sewa RDP Windows 8GB RAM...
[Exporter] Saved item: Sewa RDP Windows 8GB RAM
[Marketplace 1] New Message (MOCKED): [SOLD] MacBook Air M2...
[Exporter] Saved item: [SOLD] MacBook Air M2
[Job Board] New Message (MOCKED): Jual Akun Google Cloud...
[Exporter] Saved item: Jual Akun Google Cloud
[Crypto Signals] New Message (MOCKED): Sewa RDP Windows 8GB RAM...
[Exporter] Saved item: Sewa RDP Windows 8GB RAM
[Marketplace 1] New Message (MOCKED): Jual Akun Google Cloud...
[Exporter] Saved item: Jual Akun Google Cloud
[Crypto Signals] New Message (MOCKED): [SOLD] MacBook Air M2...
[Exporter] Saved item: [SOLD] MacBook Air M2
[Job Board] New Message (MOCKED): Selling 100 USDT for PayPal F&F...
[Exporter] Saved item: Selling 100 USDT for PayPal F&F
[Crypto Signals] New Message (MOCKED): Selling 100 USDT for PayPal F&F...
[Exporter] Saved item: Selling 100 USDT for PayPal F&F
[Crypto Signals] New Message (MOCKED): WTS iPhone 14 Pro Max 256GB...
[Exporter] Saved item: WTS iPhone 14 Pro Max 256GB
[Marketplace 1] New Message (MOCKED): Sewa RDP Windows 8GB RAM...
[Exporter] Saved item: Sewa RDP Windows 8GB RAM
[Job Board] New Message (MOCKED): Looking for Python dev...
[Exporter] Saved item: Looking for Python dev
[Job Board] New Message (MOCKED): Jual Akun Google Cloud...
[Exporter] Saved item: Jual Akun Google Cloud
[Marketplace 1] New Message (MOCKED): [SOLD] MacBook Air M2...
[Exporter] Saved item: [SOLD] MacBook Air M2
[Marketplace 1] New Message (MOCKED): Jual Akun Google Cloud...
[Exporter] Saved item: Jual Akun Google Cloud
[Job Board] New Message (MOCKED): Jual Akun Google Cloud...
[Exporter] Saved item: Jual Akun Google Cloud
[Job Board] New Message (MOCKED): Jual Akun Google Cloud...
[Exporter] Saved item: Jual Akun Google Cloud
[Marketplace 1] New Message (MOCKED): Jual Akun Google Cloud...
[Exporter] Saved item: Jual Akun Google Cloud
[Crypto Signals] New Message (MOCKED): [SOLD] MacBook Air M2...
[Exporter] Saved item: [SOLD] MacBook Air M2
[Crypto Signals] New Message (MOCKED): Selling 100 USDT for PayPal F&F...
[Exporter] Saved item: Selling 100 USDT for PayPal F&F
[Crypto Signals] New Message (MOCKED): Sewa RDP Windows 8GB RAM...
[Exporter] Saved item: Sewa RDP Windows 8GB RAM
[Crypto Signals] New Message (MOCKED): Jual Akun Google Cloud...
[Exporter] Saved item: Jual Akun Google Cloud
[Job Board] New Message (MOCKED): Looking for Python dev...
[Exporter] Saved item: Looking for Python dev
[Crypto Signals] New Message (MOCKED): Selling 100 USDT for PayPal F&F...
[Exporter] Saved item: Selling 100 USDT for PayPal F&F
[Marketplace 1] New Message (MOCKED): Sewa RDP Windows 8GB RAM...
[Exporter] Saved item: Sewa RDP Windows 8GB RAM
[Marketplace 1] New Message (MOCKED): WTS iPhone 14 Pro Max 256GB...
[Exporter] Saved item: WTS iPhone 14 Pro Max 256GB
[Crypto Signals] New Message (MOCKED): [SOLD] MacBook Air M2...
[Exporter] Saved item: [SOLD] MacBook Air M2
[Job Board] New Message (MOCKED): [SOLD] MacBook Air M2...
[Exporter] Saved item: [SOLD] MacBook Air M2
[Crypto Signals] New Message (MOCKED): Sewa RDP Windows 8GB RAM...
[Exporter] Saved item: Sewa RDP Windows 8GB RAM
[Job Board] New Message (MOCKED): [SOLD] MacBook Air M2...
[Exporter] Saved item: [SOLD] MacBook Air M2
[Job Board] New Message (MOCKED): Sewa RDP Windows 8GB RAM...
[Exporter] Saved item: Sewa RDP Windows 8GB RAM
[Job Board] New Message (MOCKED): Sewa RDP Windows 8GB RAM...
[Exporter] Saved item: Sewa RDP Windows 8GB RAM
[Marketplace 1] New Message (MOCKED): Jual Akun Google Cloud...
[Exporter] Saved item: Jual Akun Google Cloud
[Marketplace 1] New Message (MOCKED): Jual Akun Google Cloud...
[Exporter] Saved item: Jual Akun Google Cloud
[Marketplace 1] New Message (MOCKED): WTS iPhone 14 Pro Max 256GB...
[Exporter] Saved item: WTS iPhone 14 Pro Max 256GB
[Marketplace 1] New Message (MOCKED): WTS iPhone 14 Pro Max 256GB...
[Exporter] Saved item: WTS iPhone 14 Pro Max 256GB
[Crypto Signals] New Message (MOCKED): [SOLD] MacBook Air M2...
[Exporter] Saved item: [SOLD] MacBook Air M2
[Crypto Signals] New Message (MOCKED): [SOLD] MacBook Air M2...
[Exporter] Saved item: [SOLD] MacBook Air M2
[Marketplace 1] New Message (MOCKED): Looking for Python dev...
[Exporter] Saved item: Looking for Python dev
[Job Board] New Message (MOCKED): Jual Akun Google Cloud...
[Exporter] Saved item: Jual Akun Google Cloud
[Crypto Signals] New Message (MOCKED): [SOLD] MacBook Air M2...
[Exporter] Saved item: [SOLD] MacBook Air M2
[Crypto Signals] New Message (MOCKED): Sewa RDP Windows 8GB RAM...
[Exporter] Saved item: Sewa RDP Windows 8GB RAM
[Job Board] New Message (MOCKED): Jual Akun Google Cloud...
[Exporter] Saved item: Jual Akun Google Cloud
[Job Board] New Message (MOCKED): Looking for Python dev...
[Exporter] Saved item: Looking for Python dev
[Marketplace 1] New Message (MOCKED): Jual Akun Google Cloud...
[Exporter] Saved item: Jual Akun Google Cloud
[Marketplace 1] New Message (MOCKED): Looking for Python dev...
[Exporter] Saved item: Looking for Python dev
[Crypto Signals] New Message (MOCKED): Jual Akun Google Cloud...
[Exporter] Saved item: Jual Akun Google Cloud
[Crypto Signals] New Message (MOCKED): [SOLD] MacBook Air M2...
[Exporter] Saved item: [SOLD] MacBook Air M2
[Marketplace 1] New Message (MOCKED): Selling 100 USDT for PayPal F&F...
[Exporter] Saved item: Selling 100 USDT for PayPal F&F
[Marketplace 1] New Message (MOCKED): Looking for Python dev...
[Exporter] Saved item: Looking for Python dev
[Job Board] New Message (MOCKED): Jual Akun Google Cloud...
[Exporter] Saved item: Jual Akun Google Cloud
[Marketplace 1] New Message (MOCKED): Jual Akun Google Cloud...
[Exporter] Saved item: Jual Akun Google Cloud
[Crypto Signals] New Message (MOCKED): [SOLD] MacBook Air M2...
[Exporter] Saved item: [SOLD] MacBook Air M2
[Job Board] New Message (MOCKED): WTS iPhone 14 Pro Max 256GB...
[Exporter] Saved item: WTS iPhone 14 Pro Max 256GB
[Marketplace 1] New Message (MOCKED): [SOLD] MacBook Air M2...
[Exporter] Saved item: [SOLD] MacBook Air M2
[Marketplace 1] New Message (MOCKED): Looking for Python dev...
[Exporter] Saved item: Looking for Python dev
[Marketplace 1] New Message (MOCKED): Jual Akun Google Cloud...
[Exporter] Saved item: Jual Akun Google Cloud
[Marketplace 1] New Message (MOCKED): Sewa RDP Windows 8GB RAM...
[Exporter] Saved item: Sewa RDP Windows 8GB RAM
[Marketplace 1] New Message (MOCKED): Looking for Python dev...
[Exporter] Saved item: Looking for Python dev
[Job Board] New Message (MOCKED): Sewa RDP Windows 8GB RAM...
[Exporter] Saved item: Sewa RDP Windows 8GB RAM
[Crypto Signals] New Message (MOCKED): Selling 100 USDT for PayPal F&F...
[Exporter] Saved item: Selling 100 USDT for PayPal F&F
[Crypto Signals] New Message (MOCKED): Sewa RDP Windows 8GB RAM...
[Exporter] Saved item: Sewa RDP Windows 8GB RAM
[Marketplace 1] New Message (MOCKED): Sewa RDP Windows 8GB RAM...
[Exporter] Saved item: Sewa RDP Windows 8GB RAM
[Job Board] New Message (MOCKED): Looking for Python dev...
[Exporter] Saved item: Looking for Python dev
[Job Board] New Message (MOCKED): [SOLD] MacBook Air M2...
[Exporter] Saved item: [SOLD] MacBook Air M2
[Marketplace 1] New Message (MOCKED): Looking for Python dev...
[Exporter] Saved item: Looking for Python dev
[Job Board] New Message (MOCKED): [SOLD] MacBook Air M2...
[Exporter] Saved item: [SOLD] MacBook Air M2
[Crypto Signals] New Message (MOCKED): [SOLD] MacBook Air M2...
[Exporter] Saved item: [SOLD] MacBook Air M2
[Job Board] New Message (MOCKED): Looking for Python dev...
[Exporter] Saved item: Looking for Python dev
[Crypto Signals] New Message (MOCKED): WTS iPhone 14 Pro Max 256GB...
[Exporter] Saved item: WTS iPhone 14 Pro Max 256GB
[Marketplace 1] New Message (MOCKED): [SOLD] MacBook Air M2...
[Exporter] Saved item: [SOLD] MacBook Air M2
[Job Board] New Message (MOCKED): Selling 100 USDT for PayPal F&F...
[Exporter] Saved item: Selling 100 USDT for PayPal F&F
[Marketplace 1] New Message (MOCKED): Sewa RDP Windows 8GB RAM...
[Exporter] Saved item: Sewa RDP Windows 8GB RAM
[Crypto Signals] New Message (MOCKED): Jual Akun Google Cloud...
[Exporter] Saved item: Jual Akun Google Cloud
[Job Board] New Message (MOCKED): Jual Akun Google Cloud...
[Exporter] Saved item: Jual Akun Google Cloud
[Crypto Signals] New Message (MOCKED): Sewa RDP Windows 8GB RAM...
[Exporter] Saved item: Sewa RDP Windows 8GB RAM
[Marketplace 1] New Message (MOCKED): Selling 100 USDT for PayPal F&F...
[Exporter] Saved item: Selling 100 USDT for PayPal F&F
[Job Board] New Message (MOCKED): Jual Akun Google Cloud...
[Exporter] Saved item: Jual Akun Google Cloud
[Marketplace 1] New Message (MOCKED): [SOLD] MacBook Air M2...
[Exporter] Saved item: [SOLD] MacBook Air M2
[Crypto Signals] New Message (MOCKED): [SOLD] MacBook Air M2...
[Exporter] Saved item: [SOLD] MacBook Air M2
[Job Board] New Message (MOCKED): Jual Akun Google Cloud...
[Exporter] Saved item: Jual Akun Google Cloud
[Job Board] New Message (MOCKED): Sewa RDP Windows 8GB RAM...
[Exporter] Saved item: Sewa RDP Windows 8GB RAM
[Crypto Signals] New Message (MOCKED): Looking for Python dev...
[Exporter] Saved item: Looking for Python dev
[Crypto Signals] New Message (MOCKED): Looking for Python dev...
[Exporter] Saved item: Looking for Python dev
[Job Board] New Message (MOCKED): Jual Akun Google Cloud...
[Exporter] Saved item: Jual Akun Google Cloud
[Job Board] New Message (MOCKED): Selling 100 USDT for PayPal F&F...
[Exporter] Saved item: Selling 100 USDT for PayPal F&F
[Marketplace 1] New Message (MOCKED): Jual Akun Google Cloud...
[Exporter] Saved item: Jual Akun Google Cloud
[Crypto Signals] New Message (MOCKED): Selling 100 USDT for PayPal F&F...
[Exporter] Saved item: Selling 100 USDT for PayPal F&F
[Job Board] New Message (MOCKED): Jual Akun Google Cloud...
[Exporter] Saved item: Jual Akun Google Cloud
[Crypto Signals] New Message (MOCKED): Jual Akun Google Cloud...
[Exporter] Saved item: Jual Akun Google Cloud
[Job Board] New Message (MOCKED): WTS iPhone 14 Pro Max 256GB...
[Exporter] Saved item: WTS iPhone 14 Pro Max 256GB
[Job Board] New Message (MOCKED): Jual Akun Google Cloud...
[Exporter] Saved item: Jual Akun Google Cloud
[Crypto Signals] New Message (MOCKED): Jual Akun Google Cloud...
[Exporter] Saved item: Jual Akun Google Cloud
[Job Board] New Message (MOCKED): WTS iPhone 14 Pro Max 256GB...
[Exporter] Saved item: WTS iPhone 14 Pro Max 256GB
[Crypto Signals] New Message (MOCKED): Selling 100 USDT for PayPal F&F...
[Exporter] Saved item: Selling 100 USDT for PayPal F&F
[Marketplace 1] New Message (MOCKED): [SOLD] MacBook Air M2...
[Exporter] Saved item: [SOLD] MacBook Air M2
[Crypto Signals] New Message (MOCKED): Jual Akun Google Cloud...
[Exporter] Saved item: Jual Akun Google Cloud
[Job Board] New Message (MOCKED): WTS iPhone 14 Pro Max 256GB...
[Exporter] Saved item: WTS iPhone 14 Pro Max 256GB
[Job Board] New Message (MOCKED): Selling 100 USDT for PayPal F&F...
[Exporter] Saved item: Selling 100 USDT for PayPal F&F
[Marketplace 1] New Message (MOCKED): Selling 100 USDT for PayPal F&F...
[Exporter] Saved item: Selling 100 USDT for PayPal F&F
[Job Board] New Message (MOCKED): Looking for Python dev...
[Exporter] Saved item: Looking for Python dev
[Crypto Signals] New Message (MOCKED): Looking for Python dev...
[Exporter] Saved item: Looking for Python dev
[Crypto Signals] New Message (MOCKED): Looking for Python dev...
[Exporter] Saved item: Looking for Python dev
[Crypto Signals] New Message (MOCKED): WTS iPhone 14 Pro Max 256GB...
[Exporter] Saved item: WTS iPhone 14 Pro Max 256GB
[Job Board] New Message (MOCKED): [SOLD] MacBook Air M2...
[Exporter] Saved item: [SOLD] MacBook Air M2
[Marketplace 1] New Message (MOCKED): Selling 100 USDT for PayPal F&F...
[Exporter] Saved item: Selling 100 USDT for PayPal F&F
[Marketplace 1] New Message (MOCKED): Jual Akun Google Cloud...
[Exporter] Saved item: Jual Akun Google Cloud
[Crypto Signals] New Message (MOCKED): WTS iPhone 14 Pro Max 256GB...
[Exporter] Saved item: WTS iPhone 14 Pro Max 256GB
[Marketplace 1] New Message (MOCKED): Selling 100 USDT for PayPal F&F...
[Exporter] Saved item: Selling 100 USDT for PayPal F&F
[Job Board] New Message (MOCKED): WTS iPhone 14 Pro Max 256GB...
[Exporter] Saved item: WTS iPhone 14 Pro Max 256GB
[Marketplace 1] New Message (MOCKED): Looking for Python dev...
[Exporter] Saved item: Looking for Python dev
[Crypto Signals] New Message (MOCKED): [SOLD] MacBook Air M2...
[Exporter] Saved item: [SOLD] MacBook Air M2
[Marketplace 1] New Message (MOCKED): [SOLD] MacBook Air M2...
[Exporter] Saved item: [SOLD] MacBook Air M2
[Crypto Signals] New Message (MOCKED): Sewa RDP Windows 8GB RAM...
[Exporter] Saved item: Sewa RDP Windows 8GB RAM
[Crypto Signals] New Message (MOCKED): Selling 100 USDT for PayPal F&F...
[Exporter] Saved item: Selling 100 USDT for PayPal F&F
[Job Board] New Message (MOCKED): Looking for Python dev...
[Exporter] Saved item: Looking for Python dev
[Marketplace 1] New Message (MOCKED): Looking for Python dev...
[Exporter] Saved item: Looking for Python dev
[Marketplace 1] New Message (MOCKED): Looking for Python dev...
[Exporter] Saved item: Looking for Python dev
[Job Board] New Message (MOCKED): Selling 100 USDT for PayPal F&F...
[Exporter] Saved item: Selling 100 USDT for PayPal F&F
[Job Board] New Message (MOCKED): Selling 100 USDT for PayPal F&F...
[Exporter] Saved item: Selling 100 USDT for PayPal F&F
[Job Board] New Message (MOCKED): WTS iPhone 14 Pro Max 256GB...
[Exporter] Saved item: WTS iPhone 14 Pro Max 256GB
[Marketplace 1] New Message (MOCKED): Sewa RDP Windows 8GB RAM...
[Exporter] Saved item: Sewa RDP Windows 8GB RAM
[Marketplace 1] New Message (MOCKED): Sewa RDP Windows 8GB RAM...
[Exporter] Saved item: Sewa RDP Windows 8GB RAM
[Marketplace 1] New Message (MOCKED): Selling 100 USDT for PayPal F&F...
[Exporter] Saved item: Selling 100 USDT for PayPal F&F
[Job Board] New Message (MOCKED): [SOLD] MacBook Air M2...
[Exporter] Saved item: [SOLD] MacBook Air M2
[Crypto Signals] New Message (MOCKED): Jual Akun Google Cloud...
[Exporter] Saved item: Jual Akun Google Cloud
[Crypto Signals] New Message (MOCKED): Looking for Python dev...
[Exporter] Saved item: Looking for Python dev
[Marketplace 1] New Message (MOCKED): Jual Akun Google Cloud...
[Exporter] Saved item: Jual Akun Google Cloud
[Job Board] New Message (MOCKED): Looking for Python dev...
[Exporter] Saved item: Looking for Python dev
[Job Board] New Message (MOCKED): [SOLD] MacBook Air M2...
[Exporter] Saved item: [SOLD] MacBook Air M2
[Crypto Signals] New Message (MOCKED): Selling 100 USDT for PayPal F&F...
[Exporter] Saved item: Selling 100 USDT for PayPal F&F
[Marketplace 1] New Message (MOCKED): [SOLD] MacBook Air M2...
[Exporter] Saved item: [SOLD] MacBook Air M2
[Job Board] New Message (MOCKED): [SOLD] MacBook Air M2...
[Exporter] Saved item: [SOLD] MacBook Air M2
[Marketplace 1] New Message (MOCKED): WTS iPhone 14 Pro Max 256GB...
[Exporter] Saved item: WTS iPhone 14 Pro Max 256GB
[Crypto Signals] New Message (MOCKED): Jual Akun Google Cloud...
[Exporter] Saved item: Jual Akun Google Cloud
[Job Board] New Message (MOCKED): WTS iPhone 14 Pro Max 256GB...
[Exporter] Saved item: WTS iPhone 14 Pro Max 256GB
[Crypto Signals] New Message (MOCKED): Sewa RDP Windows 8GB RAM...
[Exporter] Saved item: Sewa RDP Windows 8GB RAM
[Crypto Signals] New Message (MOCKED): WTS iPhone 14 Pro Max 256GB...
[Exporter] Saved item: WTS iPhone 14 Pro Max 256GB
[Job Board] New Message (MOCKED): Sewa RDP Windows 8GB RAM...
[Exporter] Saved item: Sewa RDP Windows 8GB RAM
[Job Board] New Message (MOCKED): Selling 100 USDT for PayPal F&F...
[Exporter] Saved item: Selling 100 USDT for PayPal F&F
[Job Board] New Message (MOCKED): Looking for Python dev...
[Exporter] Saved item: Looking for Python dev
[Marketplace 1] New Message (MOCKED): Sewa RDP Windows 8GB RAM...
[Exporter] Saved item: Sewa RDP Windows 8GB RAM
[Job Board] New Message (MOCKED): Sewa RDP Windows 8GB RAM...
[Exporter] Saved item: Sewa RDP Windows 8GB RAM
[Job Board] New Message (MOCKED): Selling 100 USDT for PayPal F&F...
[Exporter] Saved item: Selling 100 USDT for PayPal F&F
[Marketplace 1] New Message (MOCKED): Jual Akun Google Cloud...
[Exporter] Saved item: Jual Akun Google Cloud
[Marketplace 1] New Message (MOCKED): Selling 100 USDT for PayPal F&F...
[Exporter] Saved item: Selling 100 USDT for PayPal F&F
[Crypto Signals] New Message (MOCKED): Looking for Python dev...
[Exporter] Saved item: Looking for Python dev
[Crypto Signals] New Message (MOCKED): Sewa RDP Windows 8GB RAM...
[Exporter] Saved item: Sewa RDP Windows 8GB RAM
[Job Board] New Message (MOCKED): Looking for Python dev...
[Exporter] Saved item: Looking for Python dev
[Marketplace 1] New Message (MOCKED): [SOLD] MacBook Air M2...
[Exporter] Saved item: [SOLD] MacBook Air M2
[Job Board] New Message (MOCKED): [SOLD] MacBook Air M2...
[Exporter] Saved item: [SOLD] MacBook Air M2
[Job Board] New Message (MOCKED): Looking for Python dev...
[Exporter] Saved item: Looking for Python dev
[Crypto Signals] New Message (MOCKED): Jual Akun Google Cloud...
[Exporter] Saved item: Jual Akun Google Cloud
[Marketplace 1] New Message (MOCKED): WTS iPhone 14 Pro Max 256GB...
[Exporter] Saved item: WTS iPhone 14 Pro Max 256GB
[Job Board] New Message (MOCKED): Jual Akun Google Cloud...
[Exporter] Saved item: Jual Akun Google Cloud
[Crypto Signals] New Message (MOCKED): Looking for Python dev...
[Exporter] Saved item: Looking for Python dev
[Job Board] New Message (MOCKED): [SOLD] MacBook Air M2...
[Exporter] Saved item: [SOLD] MacBook Air M2
[Job Board] New Message (MOCKED): Selling 100 USDT for PayPal F&F...
[Exporter] Saved item: Selling 100 USDT for PayPal F&F
[Job Board] New Message (MOCKED): [SOLD] MacBook Air M2...
[Exporter] Saved item: [SOLD] MacBook Air M2
[Marketplace 1] New Message (MOCKED): Sewa RDP Windows 8GB RAM...
[Exporter] Saved item: Sewa RDP Windows 8GB RAM
[Job Board] New Message (MOCKED): WTS iPhone 14 Pro Max 256GB...
[Exporter] Saved item: WTS iPhone 14 Pro Max 256GB
[Marketplace 1] New Message (MOCKED): Sewa RDP Windows 8GB RAM...
[Exporter] Saved item: Sewa RDP Windows 8GB RAM
[Job Board] New Message (MOCKED): Jual Akun Google Cloud...
[Exporter] Saved item: Jual Akun Google Cloud
[Marketplace 1] New Message (MOCKED): Jual Akun Google Cloud...
[Exporter] Saved item: Jual Akun Google Cloud
[Marketplace 1] New Message (MOCKED): Sewa RDP Windows 8GB RAM...
[Exporter] Saved item: Sewa RDP Windows 8GB RAM
[Crypto Signals] New Message (MOCKED): Looking for Python dev...
[Exporter] Saved item: Looking for Python dev
[Crypto Signals] New Message (MOCKED): [SOLD] MacBook Air M2...
[Exporter] Saved item: [SOLD] MacBook Air M2
[Crypto Signals] New Message (MOCKED): Jual Akun Google Cloud...
[Exporter] Saved item: Jual Akun Google Cloud
[Job Board] New Message (MOCKED): Looking for Python dev...
[Exporter] Saved item: Looking for Python dev
[Job Board] New Message (MOCKED): [SOLD] MacBook Air M2...
[Exporter] Saved item: [SOLD] MacBook Air M2
[Marketplace 1] New Message (MOCKED): WTS iPhone 14 Pro Max 256GB...
[Exporter] Saved item: WTS iPhone 14 Pro Max 256GB
[Crypto Signals] New Message (MOCKED): [SOLD] MacBook Air M2...
[Exporter] Saved item: [SOLD] MacBook Air M2
[Crypto Signals] New Message (MOCKED): WTS iPhone 14 Pro Max 256GB...
[Exporter] Saved item: WTS iPhone 14 Pro Max 256GB
[Crypto Signals] New Message (MOCKED): Looking for Python dev...
[Exporter] Saved item: Looking for Python dev
[Crypto Signals] New Message (MOCKED): WTS iPhone 14 Pro Max 256GB...
[Exporter] Saved item: WTS iPhone 14 Pro Max 256GB
[Job Board] New Message (MOCKED): WTS iPhone 14 Pro Max 256GB...
[Exporter] Saved item: WTS iPhone 14 Pro Max 256GB
[Job Board] New Message (MOCKED): Selling 100 USDT for PayPal F&F...
[Exporter] Saved item: Selling 100 USDT for PayPal F&F
[Marketplace 1] New Message (MOCKED): Sewa RDP Windows 8GB RAM...
[Exporter] Saved item: Sewa RDP Windows 8GB RAM
[Crypto Signals] New Message (MOCKED): Sewa RDP Windows 8GB RAM...
[Exporter] Saved item: Sewa RDP Windows 8GB RAM
[Crypto Signals] New Message (MOCKED): [SOLD] MacBook Air M2...
[Exporter] Saved item: [SOLD] MacBook Air M2
[Job Board] New Message (MOCKED): WTS iPhone 14 Pro Max 256GB...
[Exporter] Saved item: WTS iPhone 14 Pro Max 256GB
[Crypto Signals] New Message (MOCKED): WTS iPhone 14 Pro Max 256GB...
[Exporter] Saved item: WTS iPhone 14 Pro Max 256GB
[Job Board] New Message (MOCKED): Selling 100 USDT for PayPal F&F...
[Exporter] Saved item: Selling 100 USDT for PayPal F&F
[Marketplace 1] New Message (MOCKED): Looking for Python dev...
[Exporter] Saved item: Looking for Python dev
[Marketplace 1] New Message (MOCKED): Selling 100 USDT for PayPal F&F...
[Exporter] Saved item: Selling 100 USDT for PayPal F&F
[Job Board] New Message (MOCKED): [SOLD] MacBook Air M2...
[Exporter] Saved item: [SOLD] MacBook Air M2
[Crypto Signals] New Message (MOCKED): Looking for Python dev...
[Exporter] Saved item: Looking for Python dev
[Crypto Signals] New Message (MOCKED): Looking for Python dev...
[Exporter] Saved item: Looking for Python dev
[Marketplace 1] New Message (MOCKED): Selling 100 USDT for PayPal F&F...
[Exporter] Saved item: Selling 100 USDT for PayPal F&F
[Crypto Signals] New Message (MOCKED): Selling 100 USDT for PayPal F&F...
[Exporter] Saved item: Selling 100 USDT for PayPal F&F
[Marketplace 1] New Message (MOCKED): WTS iPhone 14 Pro Max 256GB...
[Exporter] Saved item: WTS iPhone 14 Pro Max 256GB
[Job Board] New Message (MOCKED): Selling 100 USDT for PayPal F&F...
[Exporter] Saved item: Selling 100 USDT for PayPal F&F
[Job Board] New Message (MOCKED): Looking for Python dev...
[Exporter] Saved item: Looking for Python dev
[Crypto Signals] New Message (MOCKED): WTS iPhone 14 Pro Max 256GB...
[Exporter] Saved item: WTS iPhone 14 Pro Max 256GB
[Job Board] New Message (MOCKED): Selling 100 USDT for PayPal F&F...
[Exporter] Saved item: Selling 100 USDT for PayPal F&F
[Job Board] New Message (MOCKED): [SOLD] MacBook Air M2...
[Exporter] Saved item: [SOLD] MacBook Air M2
[Marketplace 1] New Message (MOCKED): WTS iPhone 14 Pro Max 256GB...
[Exporter] Saved item: WTS iPhone 14 Pro Max 256GB
[Marketplace 1] New Message (MOCKED): Sewa RDP Windows 8GB RAM...
[Exporter] Saved item: Sewa RDP Windows 8GB RAM
[Job Board] New Message (MOCKED): [SOLD] MacBook Air M2...
[Exporter] Saved item: [SOLD] MacBook Air M2
[Crypto Signals] New Message (MOCKED): [SOLD] MacBook Air M2...
[Exporter] Saved item: [SOLD] MacBook Air M2
[Job Board] New Message (MOCKED): Jual Akun Google Cloud...
[Exporter] Saved item: Jual Akun Google Cloud
[Marketplace 1] New Message (MOCKED): Looking for Python dev...
[Exporter] Saved item: Looking for Python dev
[Job Board] New Message (MOCKED): WTS iPhone 14 Pro Max 256GB...
[Exporter] Saved item: WTS iPhone 14 Pro Max 256GB
[Job Board] New Message (MOCKED): Jual Akun Google Cloud...
[Exporter] Saved item: Jual Akun Google Cloud
[Marketplace 1] New Message (MOCKED): Sewa RDP Windows 8GB RAM...
[Exporter] Saved item: Sewa RDP Windows 8GB RAM
[Marketplace 1] New Message (MOCKED): WTS iPhone 14 Pro Max 256GB...
[Exporter] Saved item: WTS iPhone 14 Pro Max 256GB
[Job Board] New Message (MOCKED): [SOLD] MacBook Air M2...
[Exporter] Saved item: [SOLD] MacBook Air M2
[Marketplace 1] New Message (MOCKED): WTS iPhone 14 Pro Max 256GB...
[Exporter] Saved item: WTS iPhone 14 Pro Max 256GB
[Marketplace 1] New Message (MOCKED): Sewa RDP Windows 8GB RAM...
[Exporter] Saved item: Sewa RDP Windows 8GB RAM
[Crypto Signals] New Message (MOCKED): Sewa RDP Windows 8GB RAM...
[Exporter] Saved item: Sewa RDP Windows 8GB RAM
[Marketplace 1] New Message (MOCKED): Looking for Python dev...
[Exporter] Saved item: Looking for Python dev
[Crypto Signals] New Message (MOCKED): Looking for Python dev...
[Exporter] Saved item: Looking for Python dev
[Job Board] New Message (MOCKED): Selling 100 USDT for PayPal F&F...
[Exporter] Saved item: Selling 100 USDT for PayPal F&F
[Crypto Signals] New Message (MOCKED): Sewa RDP Windows 8GB RAM...
[Exporter] Saved item: Sewa RDP Windows 8GB RAM
[Marketplace 1] New Message (MOCKED): Sewa RDP Windows 8GB RAM...
[Exporter] Saved item: Sewa RDP Windows 8GB RAM
[Crypto Signals] New Message (MOCKED): [SOLD] MacBook Air M2...
[Exporter] Saved item: [SOLD] MacBook Air M2
[Crypto Signals] New Message (MOCKED): Selling 100 USDT for PayPal F&F...
[Exporter] Saved item: Selling 100 USDT for PayPal F&F
[Job Board] New Message (MOCKED): [SOLD] MacBook Air M2...
[Exporter] Saved item: [SOLD] MacBook Air M2
[Crypto Signals] New Message (MOCKED): Sewa RDP Windows 8GB RAM...
[Exporter] Saved item: Sewa RDP Windows 8GB RAM
[Crypto Signals] New Message (MOCKED): Selling 100 USDT for PayPal F&F...
[Exporter] Saved item: Selling 100 USDT for PayPal F&F
[Marketplace 1] New Message (MOCKED): Jual Akun Google Cloud...
[Exporter] Saved item: Jual Akun Google Cloud
[Crypto Signals] New Message (MOCKED): [SOLD] MacBook Air M2...
[Exporter] Saved item: [SOLD] MacBook Air M2
[Job Board] New Message (MOCKED): [SOLD] MacBook Air M2...
[Exporter] Saved item: [SOLD] MacBook Air M2
[Job Board] New Message (MOCKED): Looking for Python dev...
[Exporter] Saved item: Looking for Python dev
[Job Board] New Message (MOCKED): Sewa RDP Windows 8GB RAM...
[Exporter] Saved item: Sewa RDP Windows 8GB RAM
[Marketplace 1] New Message (MOCKED): Jual Akun Google Cloud...
[Exporter] Saved item: Jual Akun Google Cloud
[Job Board] New Message (MOCKED): Jual Akun Google Cloud...
[Exporter] Saved item: Jual Akun Google Cloud
[Job Board] New Message (MOCKED): Jual Akun Google Cloud...
[Exporter] Saved item: Jual Akun Google Cloud
[Marketplace 1] New Message (MOCKED): Selling 100 USDT for PayPal F&F...
[Exporter] Saved item: Selling 100 USDT for PayPal F&F
[Crypto Signals] New Message (MOCKED): [SOLD] MacBook Air M2...
[Exporter] Saved item: [SOLD] MacBook Air M2
[Job Board] New Message (MOCKED): WTS iPhone 14 Pro Max 256GB...
[Exporter] Saved item: WTS iPhone 14 Pro Max 256GB
[Job Board] New Message (MOCKED): Sewa RDP Windows 8GB RAM...
[Exporter] Saved item: Sewa RDP Windows 8GB RAM
[Job Board] New Message (MOCKED): Looking for Python dev...
[Exporter] Saved item: Looking for Python dev
[Job Board] New Message (MOCKED): [SOLD] MacBook Air M2...
[Exporter] Saved item: [SOLD] MacBook Air M2
[Crypto Signals] New Message (MOCKED): Selling 100 USDT for PayPal F&F...
[Exporter] Saved item: Selling 100 USDT for PayPal F&F
[Job Board] New Message (MOCKED): WTS iPhone 14 Pro Max 256GB...
[Exporter] Saved item: WTS iPhone 14 Pro Max 256GB
[Crypto Signals] New Message (MOCKED): [SOLD] MacBook Air M2...
[Exporter] Saved item: [SOLD] MacBook Air M2
[Crypto Signals] New Message (MOCKED): Selling 100 USDT for PayPal F&F...
[Exporter] Saved item: Selling 100 USDT for PayPal F&F
[Marketplace 1] New Message (MOCKED): Sewa RDP Windows 8GB RAM...
[Exporter] Saved item: Sewa RDP Windows 8GB RAM
[Job Board] New Message (MOCKED): Looking for Python dev...
[Exporter] Saved item: Looking for Python dev
[Crypto Signals] New Message (MOCKED): [SOLD] MacBook Air M2...
[Exporter] Saved item: [SOLD] MacBook Air M2
[Marketplace 1] New Message (MOCKED): [SOLD] MacBook Air M2...
[Exporter] Saved item: [SOLD] MacBook Air M2
[Marketplace 1] New Message (MOCKED): Looking for Python dev...
[Exporter] Saved item: Looking for Python dev
[Marketplace 1] New Message (MOCKED): Selling 100 USDT for PayPal F&F...
[Exporter] Saved item: Selling 100 USDT for PayPal F&F
[Marketplace 1] New Message (MOCKED): Jual Akun Google Cloud...
[Exporter] Saved item: Jual Akun Google Cloud
[Crypto Signals] New Message (MOCKED): WTS iPhone 14 Pro Max 256GB...
[Exporter] Saved item: WTS iPhone 14 Pro Max 256GB
[Crypto Signals] New Message (MOCKED): Jual Akun Google Cloud...
[Exporter] Saved item: Jual Akun Google Cloud
[Marketplace 1] New Message (MOCKED): WTS iPhone 14 Pro Max 256GB...
[Exporter] Saved item: WTS iPhone 14 Pro Max 256GB
[Marketplace 1] New Message (MOCKED): Selling 100 USDT for PayPal F&F...
[Exporter] Saved item: Selling 100 USDT for PayPal F&F
[Job Board] New Message (MOCKED): [SOLD] MacBook Air M2...
[Exporter] Saved item: [SOLD] MacBook Air M2
[Job Board] New Message (MOCKED): Looking for Python dev...
[Exporter] Saved item: Looking for Python dev